// Jest Snapshot v1, https://goo.gl/fbAQLP

exports[`components InventoryItemCard renders correctly 1`] = `
<View
  accessible={true}
  focusable={false}
  onClick={[Function]}
  onResponderGrant={[Function]}
  onResponderMove={[Function]}
  onResponderRelease={[Function]}
  onResponderTerminate={[Function]}
  onResponderTerminationRequest={[Function]}
  onStartShouldSetResponder={[Function]}
  style={
    Object {
      "backgroundColor": "#FFFFFF",
      "borderRadius": 14,
      "opacity": 1,
      "overflow": "hidden",
      "shadowColor": "#06080D",
      "shadowOffset": Object {
        "height": 10,
        "width": 0,
      },
      "shadowOpacity": 0.3,
      "shadowRadius": 20,
    }
  }
>
  <Image
    source={
      Object {
        "uri": undefined,
      }
    }
    style={
      Object {
        "height": 150,
        "width": "100%",
      }
    }
  />
  <View
    style={
      Object {
        "paddingHorizontal": 20,
        "paddingVertical": 15,
      }
    }
  >
    <Text
      style={
        Object {
          "color": "#2C2302",
          "fontFamily": "Circular-Bold",
          "fontSize": 19,
          "lineHeight": 26,
          "marginBottom": 30,
        }
      }
      testID="inventory-card-title"
    >
      Glasses
    </Text>
    <Text
      style={
        Object {
          "color": "#6B6651",
          "fontFamily": "Circular-Regular",
          "fontSize": 15,
          "lineHeight": 20,
        }
      }
      testID="inventory-card-price"
    >
      800
    </Text>
  </View>
</View>
`;
